Microchip MPLAB XC8 Compiler V1.34 ()

Linker command line:

--edf=C:\Program Files (x86)\Microchip\xc8\v1.34\dat\en_msgs.txt -cs \
  -h+dist/C18_18F87K22/production\pic18_c_template_1.X.production.sym \
  --cmf=dist/C18_18F87K22/production\pic18_c_template_1.X.production.cmf -z \
  -Q18F4620 -oC:\Users\X\AppData\Local\Temp\s4s4.6 \
  -Mdist/C18_18F87K22/production/pic18_c_template_1.X.production.map -E1 \
  -ver=XC8 -ASTACK=0F5h-0f7fh -pstack=STACK -ACODE=00h-0FFFFh \
  -ACONST=00h-0FFFFh -ASMALLCONST=01000h-010FFhx240 \
  -AMEDIUMCONST=01000h-0FFFFh -ACOMRAM=01h-07Fh -AABS1=00h-0F7Fh \
  -ABIGRAM=01h-0F7Fh -ARAM=080h-0FFh,0100h-01FFhx14,0F00h-0F7Fh \
  -ABANK0=080h-0FFh -ABANK1=0100h-01FFh -ABANK2=0200h-02FFh \
  -ABANK3=0300h-03FFh -ABANK4=0400h-04FFh -ABANK5=0500h-05FFh \
  -ABANK6=0600h-06FFh -ABANK7=0700h-07FFh -ABANK8=0800h-08FFh \
  -ABANK9=0900h-09FFh -ABANK10=0A00h-0AFFh -ABANK11=0B00h-0BFFh \
  -ABANK12=0C00h-0CFFh -ABANK13=0D00h-0DFFh -ABANK14=0E00h-0EFFh \
  -ABANK15=0F00h-0F7Fh -ASFR=0F80h-0FFFh \
  -preset_vec=00h,intcode=08h,intcodelo=018h,powerup,init,end_init \
  -pramtop=01000h -psmallconst=SMALLCONST -pmediumconst=MEDIUMCONST \
  -pconst=CONST -AFARRAM=00h-00h -ACONFIG=0300000h-030000Dh -pconfig=CONFIG \
  -AIDLOC=0200000h-0200007h -pidloc=IDLOC -AEEDATA=0F00000h-0F003FFh \
  -peeprom_data=EEDATA \
  -prdata=COMRAM,nvrram=COMRAM,nvbit=COMRAM,rbss=COMRAM,rbit=COMRAM \
  -pfarbss=FARRAM,fardata=FARRAM,nvFARRAM=FARRAM \
  -pintsave_regs=BIGRAM,bigbss=BIGRAM,bigdata=BIGRAM -pbss=RAM \
  -pidata=CODE,irdata=CODE,ibigdata=CODE,ifardata=CODE -prparam=COMRAM \
  C:\Users\X\AppData\Local\Temp\s4s4.obj \
  dist/C18_18F87K22/production\pic18_c_template_1.X.production.obj 

Object code version is 3.11

Machine type is 18F4620

Call graph: (short form)




                Name                               Link     Load   Length Selector   Space Scale
C:\Users\X\AppData\Local\Temp\s4s4.obj
                end_init                             A2       A2        4        C       0
                reset_vec                             0        0        4        0       0
                idloc                            200000   200000        8   200000       0
                config                           300000   300000        E   300000       0
dist/C18_18F87K22/production\pic18_c_template_1.X.production.obj
                intcodelo                            18       18       8A        C       0
                intcode                               8        8       10        4       0
                smallconst                         1000     1000        6      800       0
                text21                             1C52     1C52       1A      803       0
                text20                             16D8     16D8       F4      803       0
                text19                             198E     198E       C8      803       0
                text18                             1C36     1C36       1C      803       0
                text17                             1C1A     1C1A       1C      803       0
                text16                             1C6C     1C6C       10      803       0
                text15                             1C86     1C86        8      803       0
                text14                             1AD6     1AD6       3C      803       0
                intcode_body                       1006     1006      2EE      803       0
                text11                             1C7C     1C7C        A      803       0
                text10                             1BFC     1BFC       1E      803       0
                text9                              1A56     1A56       44      803       0
                text8                              1A9A     1A9A       3C      803       0
                text7                              1B7E     1B7E       34      803       0
                text6                              1B4A     1B4A       34      803       0
                text5                              18BE     18BE       D0      803       0
                text4                              1B12     1B12       38      803       0
                text3                              12F4     12F4      2C4      803       0
                text2                              15B8     15B8      120      803       0
                text1                              17CC     17CC       F2      803       0
                text0                              1BDA     1BDA       22      803       0
                cstackCOMRAM                         38       38       26        1       1
                cstackBANK0                          80       80       75       80       1
                dataCOMRAM                           5E       5E        1        1       1
                bssCOMRAM                             1        1       37        1       1
                cinit                              1BB2     1BB2       28      803       0
                idataCOMRAM                        1C8E     1C8E        1      803       0

TOTAL           Name                               Link     Load   Length     Space
        CLASS   STACK          

        CLASS   CODE           
                end_init                             A2       A2        4         0
                intcodelo                            18       18       8A         0
                intcode                               8        8       10         0
                reset_vec                             0        0        4         0
                text21                             1C52     1C52       1A         0
                text20                             16D8     16D8       F4         0
                text19                             198E     198E       C8         0
                text18                             1C36     1C36       1C         0
                text17                             1C1A     1C1A       1C         0
                text16                             1C6C     1C6C       10         0
                text15                             1C86     1C86        8         0
                text14                             1AD6     1AD6       3C         0
                intcode_body                       1006     1006      2EE         0
                text11                             1C7C     1C7C        A         0
                text10                             1BFC     1BFC       1E         0
                text9                              1A56     1A56       44         0
                text8                              1A9A     1A9A       3C         0
                text7                              1B7E     1B7E       34         0
                text6                              1B4A     1B4A       34         0
                text5                              18BE     18BE       D0         0
                text4                              1B12     1B12       38         0
                text3                              12F4     12F4      2C4         0
                text2                              15B8     15B8      120         0
                text1                              17CC     17CC       F2         0
                text0                              1BDA     1BDA       22         0
                cinit                              1BB2     1BB2       28         0
                idataCOMRAM                        1C8E     1C8E        1         0

        CLASS   CONST          

        CLASS   SMALLCONST     
                smallconst                         1000     1000        6         0

        CLASS   MEDIUMCONST    

        CLASS   COMRAM         
                cstackCOMRAM                         38       38       26         1
                dataCOMRAM                           5E       5E        1         1
                bssCOMRAM                             1        1       37         1

        CLASS   ABS1           

        CLASS   BIGRAM         

        CLASS   RAM            

        CLASS   BANK0          
                cstackBANK0                          80       80       75         1

        CLASS   BANK1          

        CLASS   BANK2          

        CLASS   BANK3          

        CLASS   BANK4          

        CLASS   BANK5          

        CLASS   BANK6          

        CLASS   BANK7          

        CLASS   BANK8          

        CLASS   BANK9          

        CLASS   BANK10         

        CLASS   BANK11         

        CLASS   BANK12         

        CLASS   BANK13         

        CLASS   BANK14         

        CLASS   BANK15         

        CLASS   SFR            

        CLASS   FARRAM         

        CLASS   CONFIG         
                config                           300000   300000        E         0

        CLASS   IDLOC          
                idloc                            200000   200000        8         0

        CLASS   EEDATA         



SEGMENTS        Name                           Load    Length   Top    Selector   Space  Class

                reset_vec                      000000  000004  000004         0       0  CODE    
                bssCOMRAM                      000001  00005E  00005F         1       1  COMRAM  
                intcode                        000008  000010  000018         4       0  CODE    
                intcodelo                      000018  00008E  0000A6         C       0  CODE    
                cstackBANK0                    000080  000075  0000F5        80       1  BANK0   
                smallconst                     001000  000006  001006       800       0  SMALLCON
                intcode_body                   001006  000C89  001C8F       803       0  CODE    
                idloc                          200000  000008  200008    200000       0  IDLOC   
                config                         300000  00000E  30000E    300000       0  CONFIG  


UNUSED ADDRESS RANGES

        Name                Unused          Largest block    Delta
        BANK0            0000F5-0000FF                B
        BANK1            000100-0001FF              100
        BANK10           000A00-000AFF              100
        BANK11           000B00-000BFF              100
        BANK12           000C00-000CFF              100
        BANK13           000D00-000DFF              100
        BANK14           000E00-000EFF              100
        BANK15           000F00-000F7F               80
        BANK2            000200-0002FF              100
        BANK3            000300-0003FF              100
        BANK4            000400-0004FF              100
        BANK5            000500-0005FF              100
        BANK6            000600-0006FF              100
        BANK7            000700-0007FF              100
        BANK8            000800-0008FF              100
        BANK9            000900-0009FF              100
        BIGRAM           00005F-00007F               21
                         0000F5-000F7F              E8B
        CODE             000004-000007                4
                         0000A6-000FFF              F5A
                         001C8F-00FFFF             E371
        COMRAM           00005F-00007F               21
        CONST            000004-000007                4
                         0000A6-000FFF              F5A
                         001C8F-00FFFF             E371
        EEDATA           F00000-F003FF              400
        MEDIUMCONST      001C8F-00FFFF             E371
        RAM              0000F5-000F7F              100
        SFR              000F80-000FFF               80
        SMALLCONST       001C8F-00FFFF              100
        STACK            0000F5-000F7F              E8B

                                  Symbol Table

?_ABS                           cstackCOMRAM 000049
?_MAX                           cstackBANK0  000086
?_MIN                           cstackBANK0  000086
?___awdiv                       cstackBANK0  000080
?___wmul                        cstackBANK0  000080
ABS@x                           cstackCOMRAM 000049
KController@correctTo           cstackCOMRAM 00004D
KController@diff                cstackCOMRAM 00004E
MAX@a                           cstackBANK0  000086
MAX@b                           cstackBANK0  000088
MIN@a                           cstackBANK0  000086
MIN@b                           cstackBANK0  000088
_ABS                            text21       001C52
_ADCON0                         (abs)        000FC2
_ADCON0bits                     (abs)        000FC2
_ADCON1                         (abs)        000FC1
_ADCON2                         (abs)        000FC0
_ADRESH                         (abs)        000FC4
_ADRESL                         (abs)        000FC3
_AlgorithmSelection             text10       001BFC
_ConfigureOscillator            text11       001C7C
_ControllerCounter              bssCOMRAM    000011
_Deadend                        bssCOMRAM    000013
_ForwardCounter                 bssCOMRAM    000015
_INTCON                         (abs)        000FF2
_INTCON2                        (abs)        000FF1
_INTCONbits                     (abs)        000FF2
_InitApp                        text8        001A9A
_KController                    text19       00198E
_LATC                           (abs)        000F8B
_LMotorCounter                  bssCOMRAM    000033
_LTurnCounter                   bssCOMRAM    000017
_MAX                            text7        001B7E
_MIN                            text6        001B4A
_MotorDelayCounter              bssCOMRAM    000019
_OSCCON                         (abs)        000FD3
_OSCTUNE                        (abs)        000F9B
_RMotorCounter                  bssCOMRAM    000034
_RTurnCounter                   bssCOMRAM    00001B
_ReverseCounter                 bssCOMRAM    00001D
_Reversing                      text18       001C36
_RotateCounter                  bssCOMRAM    00001F
_T0CON                          (abs)        000FD5
_TRISBbits                      (abs)        000F93
_TRISC                          (abs)        000F94
_TRISEbits                      (abs)        000F96
_TurnLeft                       bssCOMRAM    000021
_TurnRight                      bssCOMRAM    000023
_TurnedLeft                     bssCOMRAM    000025
_TurnedRight                    bssCOMRAM    000027
__CFG_BOREN$SBORDIS             (abs)        000000
__CFG_BORV$3                    (abs)        000000
__CFG_CCP2MX$PORTC              (abs)        000000
__CFG_CP0$OFF                   (abs)        000000
__CFG_CP1$OFF                   (abs)        000000
__CFG_CP2$OFF                   (abs)        000000
__CFG_CP3$OFF                   (abs)        000000
__CFG_CPB$OFF                   (abs)        000000
__CFG_CPD$OFF                   (abs)        000000
__CFG_EBTR0$OFF                 (abs)        000000
__CFG_EBTR1$OFF                 (abs)        000000
__CFG_EBTR2$OFF                 (abs)        000000
__CFG_EBTR3$OFF                 (abs)        000000
__CFG_EBTRB$OFF                 (abs)        000000
__CFG_FCMEN$OFF                 (abs)        000000
__CFG_IESO$OFF                  (abs)        000000
__CFG_LPT1OSC$OFF               (abs)        000000
__CFG_LVP$ON                    (abs)        000000
__CFG_MCLRE$ON                  (abs)        000000
__CFG_OSC$INTIO67               (abs)        000000
__CFG_PBADEN$OFF                (abs)        000000
__CFG_PWRT$OFF                  (abs)        000000
__CFG_STVREN$ON                 (abs)        000000
__CFG_WDT$OFF                   (abs)        000000
__CFG_WDTPS$32768               (abs)        000000
__CFG_WRT0$OFF                  (abs)        000000
__CFG_WRT1$OFF                  (abs)        000000
__CFG_WRT2$OFF                  (abs)        000000
__CFG_WRT3$OFF                  (abs)        000000
__CFG_WRTB$OFF                  (abs)        000000
__CFG_WRTC$OFF                  (abs)        000000
__CFG_WRTD$OFF                  (abs)        000000
__CFG_XINST$OFF                 (abs)        000000
__HRAM                          (abs)        000000
__Habs1                         abs1         000000
__Hbank0                        bank0        000000
__Hbank1                        bank1        000000
__Hbank10                       bank10       000000
__Hbank11                       bank11       000000
__Hbank12                       bank12       000000
__Hbank13                       bank13       000000
__Hbank14                       bank14       000000
__Hbank15                       bank15       000000
__Hbank2                        bank2        000000
__Hbank3                        bank3        000000
__Hbank4                        bank4        000000
__Hbank5                        bank5        000000
__Hbank6                        bank6        000000
__Hbank7                        bank7        000000
__Hbank8                        bank8        000000
__Hbank9                        bank9        000000
__Hbigbss                       bigbss       000000
__Hbigdata                      bigdata      000000
__Hbigram                       bigram       000000
__Hbss                          bss          000000
__HbssCOMRAM                    bssCOMRAM    000000
__Hcinit                        cinit        000000
__Hclrtext                      clrtext      000000
__Hcomram                       comram       000000
__Hconfig                       config       30000E
__Hconst                        const        000000
__HcstackBANK0                  cstackBANK0  000000
__HcstackCOMRAM                 cstackCOMRAM 000000
__Hdata                         data         000000
__HdataCOMRAM                   dataCOMRAM   000000
__Heeprom_data                  eeprom_data  000000
__Hend_init                     end_init     0000A6
__Hfarbss                       farbss       000000
__Hfardata                      fardata      000000
__Hibigdata                     ibigdata     000000
__Hidata                        idata        000000
__HidataCOMRAM                  idataCOMRAM  000000
__Hidloc                        idloc        200008
__Hifardata                     ifardata     000000
__Hinit                         init         0000A2
__Hintcode                      intcode      000018
__Hintcode_body                 intcode_body 000000
__Hintcodelo                    intcodelo    0000A2
__Hintentry                     intentry     000000
__Hintret                       intret       000000
__Hintsave_regs                 intsave_regs 000000
__Hirdata                       irdata       000000
__Hmediumconst                  mediumconst  000000
__HnvFARRAM                     nvFARRAM     000000
__Hnvbit                        nvbit        000000
__Hnvrram                       nvrram       000000
__Hparam                        rparam       000000
__Hpowerup                      powerup      0000A2
__Hram                          ram          000000
__Hramtop                       ramtop       001000
__Hrbit                         rbit         000000
__Hrbss                         rbss         000000
__Hrdata                        rdata        000000
__Hreset_vec                    reset_vec    000004
__Hrparam                       rparam       000000
__Hsfr                          sfr          000000
__Hsmallconst                   smallconst   001006
__Hspace_0                      (abs)        30000E
__Hspace_1                      (abs)        0000F5
__Hspace_2                      (abs)        000000
__Hstack                        stack        000000
__Hstruct                       struct       000000
__Htemp                         temp         000000
__Htext                         text         000000
__Htext0                        text0        000000
__Htext1                        text1        000000
__Htext10                       text10       000000
__Htext11                       text11       000000
__Htext14                       text14       000000
__Htext15                       text15       000000
__Htext16                       text16       000000
__Htext17                       text17       000000
__Htext18                       text18       000000
__Htext19                       text19       000000
__Htext2                        text2        000000
__Htext20                       text20       000000
__Htext21                       text21       000000
__Htext3                        text3        000000
__Htext4                        text4        000000
__Htext5                        text5        000000
__Htext6                        text6        000000
__Htext7                        text7        000000
__Htext8                        text8        000000
__Htext9                        text9        000000
__LRAM                          (abs)        000001
__Labs1                         abs1         000000
__Lbank0                        bank0        000000
__Lbank1                        bank1        000000
__Lbank10                       bank10       000000
__Lbank11                       bank11       000000
__Lbank12                       bank12       000000
__Lbank13                       bank13       000000
__Lbank14                       bank14       000000
__Lbank15                       bank15       000000
__Lbank2                        bank2        000000
__Lbank3                        bank3        000000
__Lbank4                        bank4        000000
__Lbank5                        bank5        000000
__Lbank6                        bank6        000000
__Lbank7                        bank7        000000
__Lbank8                        bank8        000000
__Lbank9                        bank9        000000
__Lbigbss                       bigbss       000000
__Lbigdata                      bigdata      000000
__Lbigram                       bigram       000000
__Lbss                          bss          000000
__LbssCOMRAM                    bssCOMRAM    000000
__Lcinit                        cinit        000000
__Lclrtext                      clrtext      000000
__Lcomram                       comram       000000
__Lconfig                       config       300000
__Lconst                        const        000000
__LcstackBANK0                  cstackBANK0  000000
__LcstackCOMRAM                 cstackCOMRAM 000000
__Ldata                         data         000000
__LdataCOMRAM                   dataCOMRAM   000000
__Leeprom_data                  eeprom_data  000000
__Lend_init                     end_init     0000A2
__Lfarbss                       farbss       000000
__Lfardata                      fardata      000000
__Libigdata                     ibigdata     000000
__Lidata                        idata        000000
__LidataCOMRAM                  idataCOMRAM  000000
__Lidloc                        idloc        200000
__Lifardata                     ifardata     000000
__Linit                         init         0000A2
__Lintcode                      intcode      000008
__Lintcode_body                 intcode_body 000000
__Lintcodelo                    intcodelo    000018
__Lintentry                     intentry     000000
__Lintret                       intret       000000
__Lintsave_regs                 intsave_regs 000000
__Lirdata                       irdata       000000
__Lmediumconst                  mediumconst  000000
__LnvFARRAM                     nvFARRAM     000000
__Lnvbit                        nvbit        000000
__Lnvrram                       nvrram       000000
__Lparam                        rparam       000000
__Lpowerup                      powerup      0000A2
__Lram                          ram          000000
__Lramtop                       ramtop       001000
__Lrbit                         rbit         000000
__Lrbss                         rbss         000000
__Lrdata                        rdata        000000
__Lreset_vec                    reset_vec    000000
__Lrparam                       rparam       000000
__Lsfr                          sfr          000000
__Lsmallconst                   smallconst   001000
__Lspace_0                      (abs)        000000
__Lspace_1                      (abs)        000000
__Lspace_2                      (abs)        000000
__Lstack                        stack        000000
__Lstruct                       struct       000000
__Ltemp                         temp         000000
__Ltext                         text         000000
__Ltext0                        text0        000000
__Ltext1                        text1        000000
__Ltext10                       text10       000000
__Ltext11                       text11       000000
__Ltext14                       text14       000000
__Ltext15                       text15       000000
__Ltext16                       text16       000000
__Ltext17                       text17       000000
__Ltext18                       text18       000000
__Ltext19                       text19       000000
__Ltext2                        text2        000000
__Ltext20                       text20       000000
__Ltext21                       text21       000000
__Ltext3                        text3        000000
__Ltext4                        text4        000000
__Ltext5                        text5        000000
__Ltext6                        text6        000000
__Ltext7                        text7        000000
__Ltext8                        text8        000000
__Ltext9                        text9        000000
__S0                            (abs)        30000E
__S1                            (abs)        0000F5
__S2                            (abs)        000000
___awdiv                        text5        0018BE
___awdiv@counter                cstackBANK0  000084
___awdiv@dividend               cstackBANK0  000080
___awdiv@divisor                cstackBANK0  000082
___awdiv@quotient               cstackBANK0  000086
___awdiv@sign                   cstackBANK0  000085
___inthi_sp                     stack        000000
___intlo_sp                     stack        000000
___param_bank                   (abs)        000010
___rparam_used                  (abs)        000001
___sp                           stack        000000
___wmul                         text4        001B12
___wmul@multiplicand            cstackBANK0  000082
___wmul@multiplier              cstackBANK0  000080
___wmul@product                 cstackBANK0  000084
__accesstop                     (abs)        000080
__activetblptr                  (abs)        000002
__end_of_ABS                    text21       001C6C
__end_of_AlgorithmSelection     text10       001C1A
__end_of_ConfigureOscillator    text11       001C86
__end_of_InitApp                text8        001AD6
__end_of_KController            text19       001A56
__end_of_MAX                    text7        001BB2
__end_of_MIN                    text6        001B7E
__end_of_Reversing              text18       001C52
__end_of___awdiv                text5        00198E
__end_of___wmul                 text4        001B4A
__end_of__initialization        cinit        001BD0
__end_of_delay                  text9        001A9A
__end_of_forward                text17       001C36
__end_of_high_isr               intcode_body 0012F4
__end_of_low_isr                intcodelo    0000A2
__end_of_main                   text0        001BFC
__end_of_merge                  text16       001C7C
__end_of_motorCounterUpdate     text20       0017CC
__end_of_moveMouse              text15       001C8E
__end_of_rotate                 text14       001B12
__end_of_sensorComputation      text3        0015B8
__end_of_sensorLocation         smallconst   001005
__end_of_sensorUpdate           text2        0016D8
__end_of_setCorrection          text1        0018BE
__initialization                cinit        001BB2
__mediumconst                   mediumconst  000000
__pbssCOMRAM                    bssCOMRAM    000001
__pcinit                        cinit        001BB2
__pcstackBANK0                  cstackBANK0  000080
__pcstackCOMRAM                 cstackCOMRAM 000038
__pdataCOMRAM                   dataCOMRAM   00005E
__pidataCOMRAM                  idataCOMRAM  001C8E
__pintcode                      intcode      000008
__pintcode_body                 intcode_body 001006
__pintcodelo                    intcodelo    000018
__psmallconst                   smallconst   001000
__ptext0                        text0        001BDA
__ptext1                        text1        0017CC
__ptext10                       text10       001BFC
__ptext11                       text11       001C7C
__ptext14                       text14       001AD6
__ptext15                       text15       001C86
__ptext16                       text16       001C6C
__ptext17                       text17       001C1A
__ptext18                       text18       001C36
__ptext19                       text19       00198E
__ptext2                        text2        0015B8
__ptext20                       text20       0016D8
__ptext21                       text21       001C52
__ptext3                        text3        0012F4
__ptext4                        text4        001B12
__ptext5                        text5        0018BE
__ptext6                        text6        001B4A
__ptext7                        text7        001B7E
__ptext8                        text8        001A9A
__ptext9                        text9        001A56
__ramtop                        ramtop       001000
__size_of_ABS                   (abs)        000000
__size_of_AlgorithmSelection    (abs)        000000
__size_of_ConfigureOscillator   (abs)        000000
__size_of_InitApp               (abs)        000000
__size_of_KController           (abs)        000000
__size_of_MAX                   (abs)        000000
__size_of_MIN                   (abs)        000000
__size_of_Reversing             (abs)        000000
__size_of___awdiv               (abs)        000000
__size_of___wmul                (abs)        000000
__size_of_delay                 (abs)        000000
__size_of_forward               (abs)        000000
__size_of_high_isr              (abs)        000000
__size_of_low_isr               (abs)        000000
__size_of_main                  (abs)        000000
__size_of_merge                 (abs)        000000
__size_of_motorCounterUpdate    (abs)        000000
__size_of_moveMouse             (abs)        000000
__size_of_rotate                (abs)        000000
__size_of_sensorComputation     (abs)        000000
__size_of_sensorUpdate          (abs)        000000
__size_of_setCorrection         (abs)        000000
__smallconst                    smallconst   001000
_algorithm                      bssCOMRAM    000035
_delay                          text9        001A56
_delay_time                     bssCOMRAM    000029
_errorD                         bssCOMRAM    00002B
_errorP                         bssCOMRAM    00002D
_forward                        text17       001C1A
_high_isr                       intcode      000008
_ignoreControll                 dataCOMRAM   00005E
_justTurned                     bssCOMRAM    000036
_low_isr                        intcodelo    000018
_main                           text0        001BDA
_merge                          text16       001C6C
_motorCounterUpdate             text20       0016D8
_moveMouse                      text15       001C86
_oldErrorP                      bssCOMRAM    00002F
_rotate                         text14       001AD6
_rotatingSide                   bssCOMRAM    000037
_sensorComputation              text3        0012F4
_sensorCorrection               bssCOMRAM    000001
_sensorLocation                 smallconst   001001
_sensorUpdate                   text2        0015B8
_sensorValue                    bssCOMRAM    000009
_setCorrection                  text1        0017CC
_totalError                     bssCOMRAM    000031
delay@ms                        cstackBANK0  000080
delay@x                         cstackBANK0  000083
end_of_initialization           cinit        001BD0
int_func                        intcode_body 001006
intlevel0                       text         000000
intlevel1                       text         000000
intlevel2                       text         000000
intlevel3                       text         000000
merge@left                      cstackCOMRAM 00004A
merge@merged                    cstackCOMRAM 00004B
merge@right                     cstackCOMRAM 000049
motorCounterUpdate@reverse      cstackCOMRAM 000049
motorCounterUpdate@side         cstackCOMRAM 00004A
moveMouse@action                cstackCOMRAM 000049
rotate@side                     cstackCOMRAM 00004B
sensorComputation@getCorrection cstackBANK0  00008D
sensorComputation@i             cstackBANK0  000098
sensorComputation@j             cstackBANK0  000096
sensorComputation@max           cstackBANK0  000090
sensorComputation@min           cstackBANK0  000092
sensorComputation@sensorTemp    cstackBANK0  00008B
sensorComputation@sum           cstackBANK0  000094
sensorUpdate@getCorrection      cstackBANK0  0000F0
sensorUpdate@i                  cstackBANK0  0000F1
sensorUpdate@j                  cstackBANK0  0000F3
sensorUpdate@sensorTemp         cstackBANK0  0000A0
setCorrection@frontAvg          cstackBANK0  00008C
setCorrection@sideAvg           cstackBANK0  00008A
stackhi                         (abs)        000F7F
stacklo                         (abs)        0000F5
start                           init         0000A2
start_initialization            cinit        001BB2


FUNCTION INFORMATION:

 *************** function _main *****************
 Defined at:
		line 41 in file "main.c"
 Parameters:    Size  Location     Type
		None
 Auto vars:     Size  Location     Type
		None
 Return value:  Size  Location     Type
		None               void
 Registers used:
		wreg, fsr2l, fsr2h, status,2, status,0, tblptrl, tblptrh, tblptru, prodl, prodh, cstack
 Tracked objects:
		On entry : 
		On exit  : 
		Unchanged: 
 Data sizes:     COMRAM   BANK0   BANK1   BANK2   BANK3   BANK4   BANK5   BANK6   BANK7   BANK8   BANK9  BANK10  BANK11  BANK12  BANK13  BANK14  BANK15
      Params:         0       0       0       0       0       0       0       0       0       0       0       0       0       0       0       0       0
      Locals:         0       0       0       0       0       0       0       0       0       0       0       0       0       0       0       0       0
      Temps:          0       0       0       0       0       0       0       0       0       0       0       0       0       0       0       0       0
      Totals:         0       0       0       0       0       0       0       0       0       0       0       0       0       0       0       0       0
Total ram usage:        0 bytes
 Hardware stack levels required when called:    7
 This function calls:
		_ConfigureOscillator
		_InitApp
		_sensorUpdate
		_setCorrection
 This function is called by:
		Startup code after reset
 This function uses a non-reentrant model


 *************** function _setCorrection *****************
 Defined at:
		line 125 in file "user.c"
 Parameters:    Size  Location     Type
		None
 Auto vars:     Size  Location     Type
  frontAvg        2   12[BANK0 ] int 
  sideAvg         2   10[BANK0 ] int 
 Return value:  Size  Location     Type
		None               void
 Registers used:
		wreg, fsr2l, fsr2h, status,2, status,0, cstack
 Tracked objects:
		On entry : 
		On exit  : 
		Unchanged: 
 Data sizes:     COMRAM   BANK0   BANK1   BANK2   BANK3   BANK4   BANK5   BANK6   BANK7   BANK8   BANK9  BANK10  BANK11  BANK12  BANK13  BANK14  BANK15
      Params:         0       0       0       0       0       0       0       0       0       0       0       0       0       0       0       0       0
      Locals:         0       4       0       0       0       0       0       0       0       0       0       0       0       0       0       0       0
      Temps:          0       2       0       0       0       0       0       0       0       0       0       0       0       0       0       0       0
      Totals:         0       6       0       0       0       0       0       0       0       0       0       0       0       0       0       0       0
Total ram usage:        6 bytes
 Hardware stack levels used:    1
 Hardware stack levels required when called:    5
 This function calls:
		___awdiv
 This function is called by:
		_main
 This function uses a non-reentrant model


 *************** function _sensorUpdate *****************
 Defined at:
		line 161 in file "user.c"
 Parameters:    Size  Location     Type
  getCorrectio    1    wreg     unsigned char 
 Auto vars:     Size  Location     Type
  getCorrectio    1  112[BANK0 ] unsigned char 
  sensorTemp     80   32[BANK0 ] int [10][4]
  j               2  115[BANK0 ] int 
  i               2  113[BANK0 ] int 
 Return value:  Size  Location     Type
		None               void
 Registers used:
		wreg, fsr2l, fsr2h, status,2, status,0, tblptrl, tblptrh, tblptru, prodl, prodh, cstack
 Tracked objects:
		On entry : 
		On exit  : 
		Unchanged: 
 Data sizes:     COMRAM   BANK0   BANK1   BANK2   BANK3   BANK4   BANK5   BANK6   BANK7   BANK8   BANK9  BANK10  BANK11  BANK12  BANK13  BANK14  BANK15
      Params:         0       0       0       0       0       0       0       0       0       0       0       0       0       0       0       0       0
      Locals:         0      85       0       0       0       0       0       0       0       0       0       0       0       0       0       0       0
      Temps:          0       6       0       0       0       0       0       0       0       0       0       0       0       0       0       0       0
      Totals:         0      91       0       0       0       0       0       0       0       0       0       0       0       0       0       0       0
Total ram usage:       91 bytes
 Hardware stack levels used:    1
 Hardware stack levels required when called:    6
 This function calls:
		___wmul
		_sensorComputation
 This function is called by:
		_main
 This function uses a non-reentrant model


 *************** function _sensorComputation *****************
 Defined at:
		line 137 in file "user.c"
 Parameters:    Size  Location     Type
  sensorTemp      2   11[BANK0 ] PTR int [10]
		 -> sensorUpdate@sensorTemp(80), 
  getCorrectio    1   13[BANK0 ] unsigned char 
 Auto vars:     Size  Location     Type
  i               2   24[BANK0 ] int 
  j               2   22[BANK0 ] int 
  sum             2   20[BANK0 ] int 
  min             2   18[BANK0 ] int 
  max             2   16[BANK0 ] int 
 Return value:  Size  Location     Type
		None               void
 Registers used:
		wreg, fsr2l, fsr2h, status,2, status,0, prodl, prodh, cstack
 Tracked objects:
		On entry : 
		On exit  : 
		Unchanged: 
 Data sizes:     COMRAM   BANK0   BANK1   BANK2   BANK3   BANK4   BANK5   BANK6   BANK7   BANK8   BANK9  BANK10  BANK11  BANK12  BANK13  BANK14  BANK15
      Params:         0       3       0       0       0       0       0       0       0       0       0       0       0       0       0       0       0
      Locals:         0      10       0       0       0       0       0       0       0       0       0       0       0       0       0       0       0
      Temps:          0       2       0       0       0       0       0       0       0       0       0       0       0       0       0       0       0
      Totals:         0      15       0       0       0       0       0       0       0       0       0       0       0       0       0       0       0
Total ram usage:       15 bytes
 Hardware stack levels used:    1
 Hardware stack levels required when called:    5
 This function calls:
		_MAX
		_MIN
		___awdiv
		___wmul
 This function is called by:
		_sensorUpdate
 This function uses a non-reentrant model


 *************** function ___wmul *****************
 Defined at:
		line 15 in file "C:\Program Files (x86)\Microchip\xc8\v1.34\sources\common\Umul16.c"
 Parameters:    Size  Location     Type
  multiplier      2    0[BANK0 ] unsigned int 
  multiplicand    2    2[BANK0 ] unsigned int 
 Auto vars:     Size  Location     Type
  product         2    4[BANK0 ] unsigned int 
 Return value:  Size  Location     Type
                  2    0[BANK0 ] unsigned int 
 Registers used:
		wreg, status,2, status,0, prodl, prodh
 Tracked objects:
		On entry : 
		On exit  : 
		Unchanged: 
 Data sizes:     COMRAM   BANK0   BANK1   BANK2   BANK3   BANK4   BANK5   BANK6   BANK7   BANK8   BANK9  BANK10  BANK11  BANK12  BANK13  BANK14  BANK15
      Params:         0       4       0       0       0       0       0       0       0       0       0       0       0       0       0       0       0
      Locals:         0       2       0       0       0       0       0       0       0       0       0       0       0       0       0       0       0
      Temps:          0       0       0       0       0       0       0       0       0       0       0       0       0       0       0       0       0
      Totals:         0       6       0       0       0       0       0       0       0       0       0       0       0       0       0       0       0
Total ram usage:        6 bytes
 Hardware stack levels used:    1
 Hardware stack levels required when called:    4
 This function calls:
		Nothing
 This function is called by:
		_sensorComputation
		_sensorUpdate
 This function uses a non-reentrant model


 *************** function ___awdiv *****************
 Defined at:
		line 8 in file "C:\Program Files (x86)\Microchip\xc8\v1.34\sources\common\awdiv.c"
 Parameters:    Size  Location     Type
  dividend        2    0[BANK0 ] int 
  divisor         2    2[BANK0 ] int 
 Auto vars:     Size  Location     Type
  quotient        2    6[BANK0 ] int 
  sign            1    5[BANK0 ] unsigned char 
  counter         1    4[BANK0 ] unsigned char 
 Return value:  Size  Location     Type
                  2    0[BANK0 ] int 
 Registers used:
		wreg, status,2, status,0
 Tracked objects:
		On entry : 
		On exit  : 
		Unchanged: 
 Data sizes:     COMRAM   BANK0   BANK1   BANK2   BANK3   BANK4   BANK5   BANK6   BANK7   BANK8   BANK9  BANK10  BANK11  BANK12  BANK13  BANK14  BANK15
      Params:         0       4       0       0       0       0       0       0       0       0       0       0       0       0       0       0       0
      Locals:         0       4       0       0       0       0       0       0       0       0       0       0       0       0       0       0       0
      Temps:          0       0       0       0       0       0       0       0       0       0       0       0       0       0       0       0       0
      Totals:         0       8       0       0       0       0       0       0       0       0       0       0       0       0       0       0       0
Total ram usage:        8 bytes
 Hardware stack levels used:    1
 Hardware stack levels required when called:    4
 This function calls:
		Nothing
 This function is called by:
		_setCorrection
		_sensorComputation
 This function uses a non-reentrant model


 *************** function _MIN *****************
 Defined at:
		line 184 in file "user.c"
 Parameters:    Size  Location     Type
  a               2    6[BANK0 ] int 
  b               2    8[BANK0 ] int 
 Auto vars:     Size  Location     Type
		None
 Return value:  Size  Location     Type
                  2    6[BANK0 ] int 
 Registers used:
		wreg, status,2, status,0
 Tracked objects:
		On entry : 
		On exit  : 
		Unchanged: 
 Data sizes:     COMRAM   BANK0   BANK1   BANK2   BANK3   BANK4   BANK5   BANK6   BANK7   BANK8   BANK9  BANK10  BANK11  BANK12  BANK13  BANK14  BANK15
      Params:         0       4       0       0       0       0       0       0       0       0       0       0       0       0       0       0       0
      Locals:         0       0       0       0       0       0       0       0       0       0       0       0       0       0       0       0       0
      Temps:          0       1       0       0       0       0       0       0       0       0       0       0       0       0       0       0       0
      Totals:         0       5       0       0       0       0       0       0       0       0       0       0       0       0       0       0       0
Total ram usage:        5 bytes
 Hardware stack levels used:    1
 Hardware stack levels required when called:    4
 This function calls:
		Nothing
 This function is called by:
		_sensorComputation
 This function uses a non-reentrant model


 *************** function _MAX *****************
 Defined at:
		line 190 in file "user.c"
 Parameters:    Size  Location     Type
  a               2    6[BANK0 ] int 
  b               2    8[BANK0 ] int 
 Auto vars:     Size  Location     Type
		None
 Return value:  Size  Location     Type
                  2    6[BANK0 ] int 
 Registers used:
		wreg, status,2, status,0
 Tracked objects:
		On entry : 
		On exit  : 
		Unchanged: 
 Data sizes:     COMRAM   BANK0   BANK1   BANK2   BANK3   BANK4   BANK5   BANK6   BANK7   BANK8   BANK9  BANK10  BANK11  BANK12  BANK13  BANK14  BANK15
      Params:         0       4       0       0       0       0       0       0       0       0       0       0       0       0       0       0       0
      Locals:         0       0       0       0       0       0       0       0       0       0       0       0       0       0       0       0       0
      Temps:          0       1       0       0       0       0       0       0       0       0       0       0       0       0       0       0       0
      Totals:         0       5       0       0       0       0       0       0       0       0       0       0       0       0       0       0       0
Total ram usage:        5 bytes
 Hardware stack levels used:    1
 Hardware stack levels required when called:    4
 This function calls:
		Nothing
 This function is called by:
		_sensorComputation
 This function uses a non-reentrant model


 *************** function _InitApp *****************
 Defined at:
		line 35 in file "user.c"
 Parameters:    Size  Location     Type
		None
 Auto vars:     Size  Location     Type
		None
 Return value:  Size  Location     Type
		None               void
 Registers used:
		wreg, status,2, status,0, cstack
 Tracked objects:
		On entry : 
		On exit  : 
		Unchanged: 
 Data sizes:     COMRAM   BANK0   BANK1   BANK2   BANK3   BANK4   BANK5   BANK6   BANK7   BANK8   BANK9  BANK10  BANK11  BANK12  BANK13  BANK14  BANK15
      Params:         0       0       0       0       0       0       0       0       0       0       0       0       0       0       0       0       0
      Locals:         0       0       0       0       0       0       0       0       0       0       0       0       0       0       0       0       0
      Temps:          0       0       0       0       0       0       0       0       0       0       0       0       0       0       0       0       0
      Totals:         0       0       0       0       0       0       0       0       0       0       0       0       0       0       0       0       0
Total ram usage:        0 bytes
 Hardware stack levels used:    1
 Hardware stack levels required when called:    5
 This function calls:
		_AlgorithmSelection
		_delay
 This function is called by:
		_main
 This function uses a non-reentrant model


 *************** function _delay *****************
 Defined at:
		line 29 in file "user.c"
 Parameters:    Size  Location     Type
  ms              2    0[BANK0 ] unsigned int 
 Auto vars:     Size  Location     Type
  x               2    3[BANK0 ] int 
 Return value:  Size  Location     Type
		None               void
 Registers used:
		wreg, status,2, status,0
 Tracked objects:
		On entry : 
		On exit  : 
		Unchanged: 
 Data sizes:     COMRAM   BANK0   BANK1   BANK2   BANK3   BANK4   BANK5   BANK6   BANK7   BANK8   BANK9  BANK10  BANK11  BANK12  BANK13  BANK14  BANK15
      Params:         0       2       0       0       0       0       0       0       0       0       0       0       0       0       0       0       0
      Locals:         0       2       0       0       0       0       0       0       0       0       0       0       0       0       0       0       0
      Temps:          0       1       0       0       0       0       0       0       0       0       0       0       0       0       0       0       0
      Totals:         0       5       0       0       0       0       0       0       0       0       0       0       0       0       0       0       0
Total ram usage:        5 bytes
 Hardware stack levels used:    1
 Hardware stack levels required when called:    4
 This function calls:
		Nothing
 This function is called by:
		_InitApp
 This function uses a non-reentrant model


 *************** function _AlgorithmSelection *****************
 Defined at:
		line 112 in file "user.c"
 Parameters:    Size  Location     Type
		None
 Auto vars:     Size  Location     Type
		None
 Return value:  Size  Location     Type
		None               void
 Registers used:
		wreg, status,2, status,0
 Tracked objects:
		On entry : 
		On exit  : 
		Unchanged: 
 Data sizes:     COMRAM   BANK0   BANK1   BANK2   BANK3   BANK4   BANK5   BANK6   BANK7   BANK8   BANK9  BANK10  BANK11  BANK12  BANK13  BANK14  BANK15
      Params:         0       0       0       0       0       0       0       0       0       0       0       0       0       0       0       0       0
      Locals:         0       0       0       0       0       0       0       0       0       0       0       0       0       0       0       0       0
      Temps:          0       0       0       0       0       0       0       0       0       0       0       0       0       0       0       0       0
      Totals:         0       0       0       0       0       0       0       0       0       0       0       0       0       0       0       0       0
Total ram usage:        0 bytes
 Hardware stack levels used:    1
 Hardware stack levels required when called:    4
 This function calls:
		Nothing
 This function is called by:
		_InitApp
 This function uses a non-reentrant model


 *************** function _ConfigureOscillator *****************
 Defined at:
		line 24 in file "system.c"
 Parameters:    Size  Location     Type
		None
 Auto vars:     Size  Location     Type
		None
 Return value:  Size  Location     Type
		None               void
 Registers used:
		wreg, status,2
 Tracked objects:
		On entry : 
		On exit  : 
		Unchanged: 
 Data sizes:     COMRAM   BANK0   BANK1   BANK2   BANK3   BANK4   BANK5   BANK6   BANK7   BANK8   BANK9  BANK10  BANK11  BANK12  BANK13  BANK14  BANK15
      Params:         0       0       0       0       0       0       0       0       0       0       0       0       0       0       0       0       0
      Locals:         0       0       0       0       0       0       0       0       0       0       0       0       0       0       0       0       0
      Temps:          0       0       0       0       0       0       0       0       0       0       0       0       0       0       0       0       0
      Totals:         0       0       0       0       0       0       0       0       0       0       0       0       0       0       0       0       0
Total ram usage:        0 bytes
 Hardware stack levels used:    1
 Hardware stack levels required when called:    4
 This function calls:
		Nothing
 This function is called by:
		_main
 This function uses a non-reentrant model


 *************** function _low_isr *****************
 Defined at:
		line 230 in file "interrupts.c"
 Parameters:    Size  Location     Type
		None
 Auto vars:     Size  Location     Type
		None
 Return value:  Size  Location     Type
		None               void
 Registers used:
		None
 Tracked objects:
		On entry : 
		On exit  : 
		Unchanged: 
 Data sizes:     COMRAM   BANK0   BANK1   BANK2   BANK3   BANK4   BANK5   BANK6   BANK7   BANK8   BANK9  BANK10  BANK11  BANK12  BANK13  BANK14  BANK15
      Params:         0       0       0       0       0       0       0       0       0       0       0       0       0       0       0       0       0
      Locals:         0       0       0       0       0       0       0       0       0       0       0       0       0       0       0       0       0
      Temps:         17       0       0       0       0       0       0       0       0       0       0       0       0       0       0       0       0
      Totals:        17       0       0       0       0       0       0       0       0       0       0       0       0       0       0       0       0
Total ram usage:       17 bytes
 Hardware stack levels used:    1
 Hardware stack levels required when called:    3
 This function calls:
		Nothing
 This function is called by:
		Interrupt level 1
 This function uses a non-reentrant model


 *************** function _high_isr *****************
 Defined at:
		line 99 in file "interrupts.c"
 Parameters:    Size  Location     Type
		None
 Auto vars:     Size  Location     Type
		None
 Return value:  Size  Location     Type
		None               void
 Registers used:
		wreg, status,2, status,0, cstack
 Tracked objects:
		On entry : 
		On exit  : 
		Unchanged: 
 Data sizes:     COMRAM   BANK0   BANK1   BANK2   BANK3   BANK4   BANK5   BANK6   BANK7   BANK8   BANK9  BANK10  BANK11  BANK12  BANK13  BANK14  BANK15
      Params:         0       0       0       0       0       0       0       0       0       0       0       0       0       0       0       0       0
      Locals:         0       0       0       0       0       0       0       0       0       0       0       0       0       0       0       0       0
      Temps:         14       0       0       0       0       0       0       0       0       0       0       0       0       0       0       0       0
      Totals:        14       0       0       0       0       0       0       0       0       0       0       0       0       0       0       0       0
Total ram usage:       14 bytes
 Hardware stack levels used:    1
 Hardware stack levels required when called:    2
 This function calls:
		_KController
		_Reversing
		_forward
		_merge
		_motorCounterUpdate
		_moveMouse
		_rotate
 This function is called by:
		Interrupt level 2
 This function uses a non-reentrant model


 *************** function _rotate *****************
 Defined at:
		line 412 in file "interrupts.c"
 Parameters:    Size  Location     Type
  side            1    wreg     enum E4145
 Auto vars:     Size  Location     Type
  side            1   19[COMRAM] enum E4145
 Return value:  Size  Location     Type
		None               void
 Registers used:
		wreg, status,2, status,0, cstack
 Tracked objects:
		On entry : 
		On exit  : 
		Unchanged: 
 Data sizes:     COMRAM   BANK0   BANK1   BANK2   BANK3   BANK4   BANK5   BANK6   BANK7   BANK8   BANK9  BANK10  BANK11  BANK12  BANK13  BANK14  BANK15
      Params:         0       0       0       0       0       0       0       0       0       0       0       0       0       0       0       0       0
      Locals:         1       0       0       0       0       0       0       0       0       0       0       0       0       0       0       0       0
      Temps:          0       0       0       0       0       0       0       0       0       0       0       0       0       0       0       0       0
      Totals:         1       0       0       0       0       0       0       0       0       0       0       0       0       0       0       0       0
Total ram usage:        1 bytes
 Hardware stack levels used:    1
 Hardware stack levels required when called:    1
 This function calls:
		_motorCounterUpdate
 This function is called by:
		_high_isr
 This function uses a non-reentrant model


 *************** function _moveMouse *****************
 Defined at:
		line 319 in file "interrupts.c"
 Parameters:    Size  Location     Type
  action          1    wreg     unsigned char 
 Auto vars:     Size  Location     Type
  action          1   17[COMRAM] unsigned char 
 Return value:  Size  Location     Type
		None               void
 Registers used:
		wreg
 Tracked objects:
		On entry : 
		On exit  : 
		Unchanged: 
 Data sizes:     COMRAM   BANK0   BANK1   BANK2   BANK3   BANK4   BANK5   BANK6   BANK7   BANK8   BANK9  BANK10  BANK11  BANK12  BANK13  BANK14  BANK15
      Params:         0       0       0       0       0       0       0       0       0       0       0       0       0       0       0       0       0
      Locals:         1       0       0       0       0       0       0       0       0       0       0       0       0       0       0       0       0
      Temps:          0       0       0       0       0       0       0       0       0       0       0       0       0       0       0       0       0
      Totals:         1       0       0       0       0       0       0       0       0       0       0       0       0       0       0       0       0
Total ram usage:        1 bytes
 Hardware stack levels used:    1
 This function calls:
		Nothing
 This function is called by:
		_high_isr
		_FrontController
 This function uses a non-reentrant model


 *************** function _merge *****************
 Defined at:
		line 312 in file "interrupts.c"
 Parameters:    Size  Location     Type
  left            1    wreg     unsigned char 
  right           1   17[COMRAM] unsigned char 
 Auto vars:     Size  Location     Type
  left            1   18[COMRAM] unsigned char 
  merged          1   19[COMRAM] unsigned char 
 Return value:  Size  Location     Type
                  1    wreg      unsigned char 
 Registers used:
		wreg, status,2, status,0
 Tracked objects:
		On entry : 
		On exit  : 
		Unchanged: 
 Data sizes:     COMRAM   BANK0   BANK1   BANK2   BANK3   BANK4   BANK5   BANK6   BANK7   BANK8   BANK9  BANK10  BANK11  BANK12  BANK13  BANK14  BANK15
      Params:         1       0       0       0       0       0       0       0       0       0       0       0       0       0       0       0       0
      Locals:         2       0       0       0       0       0       0       0       0       0       0       0       0       0       0       0       0
      Temps:          0       0       0       0       0       0       0       0       0       0       0       0       0       0       0       0       0
      Totals:         3       0       0       0       0       0       0       0       0       0       0       0       0       0       0       0       0
Total ram usage:        3 bytes
 Hardware stack levels used:    1
 This function calls:
		Nothing
 This function is called by:
		_high_isr
		_FrontController
 This function uses a non-reentrant model


 *************** function _forward *****************
 Defined at:
		line 457 in file "interrupts.c"
 Parameters:    Size  Location     Type
		None
 Auto vars:     Size  Location     Type
		None
 Return value:  Size  Location     Type
		None               void
 Registers used:
		wreg, status,2, status,0, cstack
 Tracked objects:
		On entry : 
		On exit  : 
		Unchanged: 
 Data sizes:     COMRAM   BANK0   BANK1   BANK2   BANK3   BANK4   BANK5   BANK6   BANK7   BANK8   BANK9  BANK10  BANK11  BANK12  BANK13  BANK14  BANK15
      Params:         0       0       0       0       0       0       0       0       0       0       0       0       0       0       0       0       0
      Locals:         0       0       0       0       0       0       0       0       0       0       0       0       0       0       0       0       0
      Temps:          0       0       0       0       0       0       0       0       0       0       0       0       0       0       0       0       0
      Totals:         0       0       0       0       0       0       0       0       0       0       0       0       0       0       0       0       0
Total ram usage:        0 bytes
 Hardware stack levels used:    1
 Hardware stack levels required when called:    1
 This function calls:
		_motorCounterUpdate
 This function is called by:
		_high_isr
 This function uses a non-reentrant model


 *************** function _Reversing *****************
 Defined at:
		line 436 in file "interrupts.c"
 Parameters:    Size  Location     Type
		None
 Auto vars:     Size  Location     Type
		None
 Return value:  Size  Location     Type
		None               void
 Registers used:
		wreg, status,2, status,0, cstack
 Tracked objects:
		On entry : 
		On exit  : 
		Unchanged: 
 Data sizes:     COMRAM   BANK0   BANK1   BANK2   BANK3   BANK4   BANK5   BANK6   BANK7   BANK8   BANK9  BANK10  BANK11  BANK12  BANK13  BANK14  BANK15
      Params:         0       0       0       0       0       0       0       0       0       0       0       0       0       0       0       0       0
      Locals:         0       0       0       0       0       0       0       0       0       0       0       0       0       0       0       0       0
      Temps:          0       0       0       0       0       0       0       0       0       0       0       0       0       0       0       0       0
      Totals:         0       0       0       0       0       0       0       0       0       0       0       0       0       0       0       0       0
Total ram usage:        0 bytes
 Hardware stack levels used:    1
 Hardware stack levels required when called:    1
 This function calls:
		_motorCounterUpdate
 This function is called by:
		_high_isr
 This function uses a non-reentrant model


 *************** function _KController *****************
 Defined at:
		line 332 in file "interrupts.c"
 Parameters:    Size  Location     Type
		None
 Auto vars:     Size  Location     Type
  diff            2   22[COMRAM] int 
  correctTo       1   21[COMRAM] enum E4145
 Return value:  Size  Location     Type
		None               void
 Registers used:
		wreg, status,2, status,0, cstack
 Tracked objects:
		On entry : 
		On exit  : 
		Unchanged: 
 Data sizes:     COMRAM   BANK0   BANK1   BANK2   BANK3   BANK4   BANK5   BANK6   BANK7   BANK8   BANK9  BANK10  BANK11  BANK12  BANK13  BANK14  BANK15
      Params:         0       0       0       0       0       0       0       0       0       0       0       0       0       0       0       0       0
      Locals:         3       0       0       0       0       0       0       0       0       0       0       0       0       0       0       0       0
      Temps:          2       0       0       0       0       0       0       0       0       0       0       0       0       0       0       0       0
      Totals:         5       0       0       0       0       0       0       0       0       0       0       0       0       0       0       0       0
Total ram usage:        5 bytes
 Hardware stack levels used:    1
 Hardware stack levels required when called:    1
 This function calls:
		_ABS
		_motorCounterUpdate
 This function is called by:
		_high_isr
 This function uses a non-reentrant model


 *************** function _motorCounterUpdate *****************
 Defined at:
		line 267 in file "interrupts.c"
 Parameters:    Size  Location     Type
  side            1    wreg     enum E4145
  reverse         1   17[COMRAM] unsigned char 
 Auto vars:     Size  Location     Type
  side            1   18[COMRAM] enum E4145
 Return value:  Size  Location     Type
		None               void
 Registers used:
		wreg, status,2, status,0
 Tracked objects:
		On entry : 
		On exit  : 
		Unchanged: 
 Data sizes:     COMRAM   BANK0   BANK1   BANK2   BANK3   BANK4   BANK5   BANK6   BANK7   BANK8   BANK9  BANK10  BANK11  BANK12  BANK13  BANK14  BANK15
      Params:         1       0       0       0       0       0       0       0       0       0       0       0       0       0       0       0       0
      Locals:         1       0       0       0       0       0       0       0       0       0       0       0       0       0       0       0       0
      Temps:          0       0       0       0       0       0       0       0       0       0       0       0       0       0       0       0       0
      Totals:         2       0       0       0       0       0       0       0       0       0       0       0       0       0       0       0       0
Total ram usage:        2 bytes
 Hardware stack levels used:    1
 This function calls:
		Nothing
 This function is called by:
		_high_isr
		_KController
		_rotate
		_Reversing
		_forward
		_FrontController
		_smoothTurn
 This function uses a non-reentrant model


 *************** function _ABS *****************
 Defined at:
		line 325 in file "interrupts.c"
 Parameters:    Size  Location     Type
  x               2   17[COMRAM] int 
 Auto vars:     Size  Location     Type
		None
 Return value:  Size  Location     Type
                  2   17[COMRAM] int 
 Registers used:
		wreg, status,2, status,0
 Tracked objects:
		On entry : 
		On exit  : 
		Unchanged: 
 Data sizes:     COMRAM   BANK0   BANK1   BANK2   BANK3   BANK4   BANK5   BANK6   BANK7   BANK8   BANK9  BANK10  BANK11  BANK12  BANK13  BANK14  BANK15
      Params:         2       0       0       0       0       0       0       0       0       0       0       0       0       0       0       0       0
      Locals:         0       0       0       0       0       0       0       0       0       0       0       0       0       0       0       0       0
      Temps:          0       0       0       0       0       0       0       0       0       0       0       0       0       0       0       0       0
      Totals:         2       0       0       0       0       0       0       0       0       0       0       0       0       0       0       0       0
Total ram usage:        2 bytes
 Hardware stack levels used:    1
 This function calls:
		Nothing
 This function is called by:
		_KController
		_FrontController
 This function uses a non-reentrant model



MODULE INFORMATION

Module		Function		Class		Link	Load	Size
interrupts.c
		_KController   		CODE           	198E	0000	201
		_Reversing     		CODE           	1C36	0000	29
		_moveMouse     		CODE           	1C86	0000	9
		_forward       		CODE           	1C1A	0000	29
		_high_isr      		CODE           	0008	0000	767
		_merge         		CODE           	1C6C	0000	17
		_motorCounterUp		CODE           	16D8	0000	245
		_rotate        		CODE           	1AD6	0000	61
		_ABS           		CODE           	1C52	0000	27
		_low_isr       		CODE           	0018	0000	139

interrupts.c estimated size: 1524

shared
		__initializatio		CODE           	1BB2	0000	31
		_sensorLocation		SMALLCONST     	1001	0000	5

shared estimated size: 36

C:\Program Files (x86)\Microchip\xc8\v1.34\sources\common\awdiv.c
		___awdiv       		CODE           	18BE	0000	209

C:\Program Files (x86)\Microchip\xc8\v1.34\sources\common\awdiv.c estimated size: 209

user.c
		_MAX           		CODE           	1B7E	0000	53
		_setCorrection 		CODE           	17CC	0000	243
		_delay         		CODE           	1A56	0000	69
		_AlgorithmSelec		CODE           	1BFC	0000	31
		_InitApp       		CODE           	1A9A	0000	61
		_MIN           		CODE           	1B4A	0000	53
		_sensorComputat		CODE           	12F4	0000	709
		_sensorUpdate  		CODE           	15B8	0000	289

user.c estimated size: 1508

main.c
		_main          		CODE           	1BDA	0000	35

main.c estimated size: 35

C:\Program Files (x86)\Microchip\xc8\v1.34\sources\common\Umul16.c
		___wmul        		CODE           	1B12	0000	57

C:\Program Files (x86)\Microchip\xc8\v1.34\sources\common\Umul16.c estimated size: 57

system.c
		_ConfigureOscil		CODE           	1C7C	0000	11

system.c estimated size: 11

